// Jest Snapshot v1, https://goo.gl/fbAQLP

exports[`Pruebas en <AppRouter /> debe de mostrar login si no est√° autenticado 1`] = `
<div>
  Array [
    <h1>
      Login Screen
    </h1>,
    <hr />,
    <button
      className="btn btn-primary"
      onClick={[Function]}
    >
      Login
    </button>,
  ]
</div>
`;
